// Jest Snapshot v1, https://goo.gl/fbAQLP

exports[`signs data 1`] = `
Object {
  "r": "8ecbdd2f0aabf8edb4ea191e828abaa5ba3b2c98c269f9442870af7e88413fd5",
  "recoveryParam": 0,
  "s": "c9e02ee61b64cf2fd623c8a1296125eaaa452b7d1a02c5079c1d1d75521ecf3b",
}
`;

exports[`signs data: privateKey with 0x prefix 1`] = `
Object {
  "r": "8ecbdd2f0aabf8edb4ea191e828abaa5ba3b2c98c269f9442870af7e88413fd5",
  "recoveryParam": 0,
  "s": "c9e02ee61b64cf2fd623c8a1296125eaaa452b7d1a02c5079c1d1d75521ecf3b",
}
`;
